---
source: tui/src/terminal_cleanup.rs
expression: terminal.backend().vt100().screen().contents()
---
                   __                                 __    __
                  /\ \                               /\ \__/\ \__
    ___    ___    \_\ \     __   __  _  _____     ___\ \ ,_\ \ ,_\    __   _ __
   /'___\ / __`\  /'_` \  /'__`\/\ \/'\/\ '__`\  / __`\ \ \/\ \ \/  /'__`\/\`'__
  /\ \__//\ \L\ \/\ \L\ \/\  __/\/>  </\ \ \L\ \/\ \L\ \ \ \_\ \ \_/\  __/\ \ \/
  \ \____\ \____/\ \___,_\ \____\/\_/\_\\ \ ,__/\ \____/\ \__\\ \__\ \____\\ \_\
   \/____/\/___/  \/__,_ /\/____/\//\/_/ \ \ \/  \/___/  \/__/ \/__/\/____/ \/_/
                                          \ \_\
                                           \/_/                           v0.0.0

  directory: /workspace/CodexPotter  gpt-5.5 xhigh
